{"level":"info","message":"Mongo connected","service":"MongoDatabase","timestamp":"2025-09-08T04:18:08.495Z"}
{"level":"info","message":"Server running on port 3000","service":"Server","timestamp":"2025-09-08T04:18:08.509Z"}
{"level":"info","message":"Registering unit with data: [object Object]","service":"UnitController","timestamp":"2025-09-08T04:19:21.032Z"}
{"level":"error","message":"error","service":"UnitController","timestamp":"2025-09-08T04:19:21.033Z"}
{"level":"error","message":"error Error: Internal Server Error","service":"UnitController","timestamp":"2025-09-08T04:19:21.058Z"}
{"level":"error","message":"error function json(obj) {\n  var val = obj;\n\n  // allow status / body\n  if (arguments.length === 2) {\n    // res.json(body, status) backwards compat\n    if (typeof arguments[1] === 'number') {\n      deprecate('res.json(obj, status): Use res.status(status).json(obj) instead');\n      this.statusCode = arguments[1];\n    } else {\n      deprecate('res.json(status, obj): Use res.status(status).json(obj) instead');\n      this.statusCode = arguments[0];\n      val = arguments[1];\n    }\n  }\n\n  // settings\n  var app = this.app;\n  var escape = app.get('json escape')\n  var replacer = app.get('json replacer');\n  var spaces = app.get('json spaces');\n  var body = stringify(val, replacer, spaces, escape)\n\n  // content-type\n  if (!this.get('Content-Type')) {\n    this.set('Content-Type', 'application/json');\n  }\n\n  return this.send(body);\n}","service":"UnitController","timestamp":"2025-09-08T04:19:21.059Z"}
{"level":"info","message":"Mongo connected","service":"MongoDatabase","timestamp":"2025-09-08T04:22:38.748Z"}
{"level":"info","message":"Server running on port 3000","service":"Server","timestamp":"2025-09-08T04:22:38.764Z"}
{"level":"info","message":"Mongo connected","service":"MongoDatabase","timestamp":"2025-09-08T04:27:28.980Z"}
{"level":"info","message":"Server running on port 3000","service":"Server","timestamp":"2025-09-08T04:27:28.998Z"}
{"level":"info","message":"Registering unit with data: [object Object]","service":"UnitController","timestamp":"2025-09-08T04:33:24.491Z"}
{"level":"error","message":"error","service":"UnitController","timestamp":"2025-09-08T04:33:24.492Z"}
{"level":"error","message":"error Error: Internal Server Error","service":"UnitController","timestamp":"2025-09-08T04:33:24.500Z"}
{"level":"error","message":"error function json(obj) {\n  var val = obj;\n\n  // allow status / body\n  if (arguments.length === 2) {\n    // res.json(body, status) backwards compat\n    if (typeof arguments[1] === 'number') {\n      deprecate('res.json(obj, status): Use res.status(status).json(obj) instead');\n      this.statusCode = arguments[1];\n    } else {\n      deprecate('res.json(status, obj): Use res.status(status).json(obj) instead');\n      this.statusCode = arguments[0];\n      val = arguments[1];\n    }\n  }\n\n  // settings\n  var app = this.app;\n  var escape = app.get('json escape')\n  var replacer = app.get('json replacer');\n  var spaces = app.get('json spaces');\n  var body = stringify(val, replacer, spaces, escape)\n\n  // content-type\n  if (!this.get('Content-Type')) {\n    this.set('Content-Type', 'application/json');\n  }\n\n  return this.send(body);\n}","service":"UnitController","timestamp":"2025-09-08T04:33:24.501Z"}
{"level":"info","message":"Mongo connected","service":"MongoDatabase","timestamp":"2025-09-08T04:34:43.600Z"}
{"level":"info","message":"Server running on port 3000","service":"Server","timestamp":"2025-09-08T04:34:43.615Z"}
{"level":"info","message":"Registering unit with data: [object Object]","service":"UnitController","timestamp":"2025-09-08T04:34:48.075Z"}
{"level":"error","message":"error","service":"UnitController","timestamp":"2025-09-08T04:34:48.076Z"}
{"level":"error","message":"error Error: Internal Server Error","service":"UnitController","timestamp":"2025-09-08T04:34:48.095Z"}
{"level":"error","message":"error function json(obj) {\n  var val = obj;\n\n  // allow status / body\n  if (arguments.length === 2) {\n    // res.json(body, status) backwards compat\n    if (typeof arguments[1] === 'number') {\n      deprecate('res.json(obj, status): Use res.status(status).json(obj) instead');\n      this.statusCode = arguments[1];\n    } else {\n      deprecate('res.json(status, obj): Use res.status(status).json(obj) instead');\n      this.statusCode = arguments[0];\n      val = arguments[1];\n    }\n  }\n\n  // settings\n  var app = this.app;\n  var escape = app.get('json escape')\n  var replacer = app.get('json replacer');\n  var spaces = app.get('json spaces');\n  var body = stringify(val, replacer, spaces, escape)\n\n  // content-type\n  if (!this.get('Content-Type')) {\n    this.set('Content-Type', 'application/json');\n  }\n\n  return this.send(body);\n}","service":"UnitController","timestamp":"2025-09-08T04:34:48.096Z"}
{"level":"info","message":"Mongo connected","service":"MongoDatabase","timestamp":"2025-09-08T04:36:02.585Z"}
{"level":"info","message":"Server running on port 3000","service":"Server","timestamp":"2025-09-08T04:36:02.601Z"}
{"level":"info","message":"Registering unit with data: [object Object]","service":"UnitController","timestamp":"2025-09-08T04:36:05.883Z"}
{"level":"error","message":"error","service":"UnitController","timestamp":"2025-09-08T04:36:05.884Z"}
{"level":"error","message":"error Error: Internal Server Error","service":"UnitController","timestamp":"2025-09-08T04:36:05.904Z"}
{"level":"error","message":"error function json(obj) {\n  var val = obj;\n\n  // allow status / body\n  if (arguments.length === 2) {\n    // res.json(body, status) backwards compat\n    if (typeof arguments[1] === 'number') {\n      deprecate('res.json(obj, status): Use res.status(status).json(obj) instead');\n      this.statusCode = arguments[1];\n    } else {\n      deprecate('res.json(status, obj): Use res.status(status).json(obj) instead');\n      this.statusCode = arguments[0];\n      val = arguments[1];\n    }\n  }\n\n  // settings\n  var app = this.app;\n  var escape = app.get('json escape')\n  var replacer = app.get('json replacer');\n  var spaces = app.get('json spaces');\n  var body = stringify(val, replacer, spaces, escape)\n\n  // content-type\n  if (!this.get('Content-Type')) {\n    this.set('Content-Type', 'application/json');\n  }\n\n  return this.send(body);\n}","service":"UnitController","timestamp":"2025-09-08T04:36:05.905Z"}
{"level":"info","message":"Mongo connected","service":"MongoDatabase","timestamp":"2025-09-08T05:15:47.883Z"}
{"level":"info","message":"Server running on port 3000","service":"Server","timestamp":"2025-09-08T05:15:47.900Z"}
